// Jest Snapshot v1, https://goo.gl/fbAQLP

exports[`BgColor Render BgCOlor 1`] = `undefined`;
