// Jest Snapshot v1, https://goo.gl/fbAQLP

exports[`Card Layout Render Card Layout 1`] = `undefined`;
