// Jest Snapshot v1, https://goo.gl/fbAQLP

exports[`Darkmode Render Darkmode 1`] = `undefined`;
