// Jest Snapshot v1, https://goo.gl/fbAQLP

exports[`Render Correctly render First Page 1`] = `undefined`;
