// Jest Snapshot v1, https://goo.gl/fbAQLP

exports[`Nav Render Nav 1`] = `undefined`;
