// Jest Snapshot v1, https://goo.gl/fbAQLP

exports[`Second Page Render Second Page 1`] = `undefined`;
