// Jest Snapshot v1, https://goo.gl/fbAQLP

exports[`Text Render Text 1`] = `undefined`;
