// Jest Snapshot v1, https://goo.gl/fbAQLP

exports[`ThirdPage Render 1`] = `undefined`;
