// Jest Snapshot v1, https://goo.gl/fbAQLP

exports[`triple Render 1`] = `undefined`;
